Package biblatex Warning: No "backend" specified, using Biber backend.
(./main.toc) [4] [5] [6] (./introduction.texpdfTeX warning (ext4): destination 
(/usr/local/texlive/2015/texmf-dist/tex/latex/kpfonts/t1jkptt.fd)pdfTeX warning
LaTeX Warning: Marginpar on page 3 moved by 0.16296pt.
Overfull \hbox (0.49593pt too wide) in paragraph at lines 127--136
Overfull \hbox (5.72218pt too wide) in paragraph at lines 458--461
Overfull \hbox (9.65244pt too wide) in paragraph at lines 466--468
Overfull \hbox (15.56491pt too wide) in paragraph at lines 576--578
Overfull \hbox (1.33157pt too wide) in paragraph at lines 594--602
Overfull \hbox (6.96452pt too wide) in paragraph at lines 648--651
Overfull \hbox (41.3126pt too wide) in paragraph at lines 682--685
LaTeX Warning: `h' float specifier changed to `ht'.
LaTeX Warning: Command \texttwosuperior invalid in math mode on input line 746.
LaTeX Warning: Command \texttwosuperior invalid in math mode on input line 746.
Overfull \hbox (7.81154pt too wide) in paragraph at lines 754--758
Overfull \hbox (42.66936pt too wide) in paragraph at lines 761--781
LaTeX Warning: `h' float specifier changed to `ht'.
Overfull \hbox (0.85735pt too wide) in paragraph at lines 125--127
Overfull \hbox (1.56152pt too wide) in paragraph at lines 146--148
Overfull \hbox (2.98613pt too wide) in paragraph at lines 443--453
Overfull \hbox (32.59589pt too wide) in paragraph at lines 549--557
Overfull \hbox (3.2615pt too wide) in paragraph at lines 57--59
Overfull \hbox (55.5404pt too wide) in paragraph at lines 186--193
Overfull \hbox (5.9295pt too wide) in paragraph at lines 254--256
Underfull \vbox (badness 10000) detected at line 281
Overfull \hbox (1.65485pt too wide) detected at line 543
Overfull \hbox (14.49226pt too wide) detected at line 648
Overfull \hbox (16.60345pt too wide) in paragraph at lines 89--91
Overfull \hbox (18.5861pt too wide) in paragraph at lines 101--106
Overfull \hbox (5.76337pt too wide) in paragraph at lines 347--351
Underfull \vbox (badness 1845) has occurred while \output is active [53]
Overfull \hbox (14.14384pt too wide) in paragraph at lines 512--515
Overfull \hbox (1.73145pt too wide) in paragraph at lines 898--901
Overfull \hbox (3.33145pt too wide) in paragraph at lines 916--919
Overfull \hbox (43.85924pt too wide) in paragraph at lines 974--977
Overfull \hbox (6.83435pt too wide) in paragraph at lines 28--33
Overfull \hbox (4.46991pt too wide) in paragraph at lines 382--382
Overfull \hbox (0.95262pt too wide) in paragraph at lines 382--382
Overfull \hbox (4.04309pt too wide) in paragraph at lines 382--382
Overfull \hbox (48.36609pt too wide) in paragraph at lines 382--382
Overfull \hbox (2.46436pt too wide) in paragraph at lines 382--382
Package biblatex Warning: No driver for entry type 'draft'.
Overfull \hbox (1.69322pt too wide) in paragraph at lines 382--382
Overfull \hbox (0.37042pt too wide) in paragraph at lines 382--382
Overfull \hbox (1.48323pt too wide) in paragraph at lines 382--382
Overfull \hbox (1.34688pt too wide) in paragraph at lines 382--382
Overfull \hbox (7.41718pt too wide) in paragraph at lines 382--382
Overfull \hbox (8.90314pt too wide) in paragraph at lines 382--382
